[18:03:19] [main/INFO]: Loading Minecraft 26.1.2 with Fabric Loader 0.19.2
[18:03:19] [main/INFO]: Mappings not present!
[18:03:20] [main/WARN]: Warnings were found!
 - Mod 'Dynamic Lights' (dynamiclights) 1.9.3+mod recommends any version of midnightlib, which is missing!
	 - You should install any version of midnightlib for the optimal experience.
[18:03:20] [main/INFO]: Loading 131 mods:
	- advancednetherite 2.4.1-26.1.2
	- appleskin 3.0.10+mc26.1.2
	- architectury 20.0.9
	- artifacts 15.0.0
	   |-- cardinal-components-base 8.0.0
	   |-- cardinal-components-entity 8.0.0
	   \-- expandability 14.0.0
	- balm 26.1.2.9
	   \-- kuma_api 26.1.2.2
	- cloth-config 26.1.154
	   \-- cloth-basic-math 0.6.1
	- clumps 26.1.2.1
	- cobweb 1.4.0
	- collective 8.32
	- comforts 15.0.0+26.1.2
	   |-- cardinal-components-base 8.0.0
	   |-- cardinal-components-entity 8.0.0
	   \-- spectrelib 0.21.0+26.1.2
	        |-- com_electronwill_night-config_core 3.8.4
	        \-- com_electronwill_night-config_toml 3.8.4
	- doubledoors 7.2
	- durabilitytooltip 1.1.6
	- dynamiclights 1.9.3+mod
	- entityculling 1.10.5
	   |-- transition 1.0.21
	   \-- trender 1.0.15
	- fabric-api 0.155.2+26.1.2
	   |-- fabric-api-base 2.0.3+ece063234c
	   |-- fabric-api-lookup-api-v1 2.0.12+d5a053b64c
	   |-- fabric-biome-api-v1 18.0.5+2fa62b4e4c
	   |-- fabric-block-api-v1 3.0.2+ec56b6014c
	   |-- fabric-block-getter-api-v2 2.0.6+ec56b6014c
	   |-- fabric-command-api-v2 3.0.5+e2bdee784c
	   |-- fabric-content-registries-v0 11.3.0+0082c9664c
	   |-- fabric-convention-tags-v2 4.6.2+4f11f7994c
	   |-- fabric-crash-report-info-v1 1.0.3+9f78a5a84c
	   |-- fabric-creative-tab-api-v1 5.0.11+d871b99e4c
	   |-- fabric-data-attachment-api-v1 2.2.9+44a0bd1d4c
	   |-- fabric-data-generation-api-v1 24.3.3+cda368334c
	   |-- fabric-debug-api-v1 1.0.1+c792624d4c
	   |-- fabric-dimensions-v1 5.1.7+ad343a8d4c
	   |-- fabric-entity-events-v1 5.0.2+e2bdee784c
	   |-- fabric-events-interaction-v0 5.2.2+07b380be4c
	   |-- fabric-game-rule-api-v1 4.0.5+d871b99e4c
	   |-- fabric-item-api-v1 14.3.0+6d1aaa724c
	   |-- fabric-key-mapping-api-v1 2.0.4+e2bdee784c
	   |-- fabric-lifecycle-events-v1 4.1.1+df84eb3d4c
	   |-- fabric-loot-api-v3 3.0.12+00a1fba64c
	   |-- fabric-menu-api-v1 2.0.14+d871b99e4c
	   |-- fabric-message-api-v1 7.0.5+dae8ce3e4c
	   |-- fabric-model-loading-api-v1 8.0.11+c80601bb4c
	   |-- fabric-networking-api-v1 6.3.1+554860db4c
	   |-- fabric-object-builder-api-v1 23.1.0+abb459f14c
	   |-- fabric-particles-v1 5.0.15+b61fef434c
	   |-- fabric-permission-api-v1 1.0.2+7437387b4c
	   |-- fabric-recipe-api-v1 9.0.16+be4b75ae4c
	   |-- fabric-registry-sync-v0 7.1.0+2fa62b4e4c
	   |-- fabric-renderer-api-v1 13.0.8+c80601bb4c
	   |-- fabric-renderer-indigo 8.1.5+1403e82c4c
	   |-- fabric-rendering-fluids-v1 6.0.1+d871b99e4c
	   |-- fabric-rendering-v1 23.3.1+e9207d814c
	   |-- fabric-resource-conditions-api-v1 6.1.0+83dd0ba34c
	   |-- fabric-resource-loader-v0 3.3.17+4fc5413f4c
	   |-- fabric-resource-loader-v1 2.0.10+7c44c7324c
	   |-- fabric-screen-api-v1 5.1.0+981dd9b24c
	   |-- fabric-serialization-api-v1 2.0.3+11a26f314c
	   |-- fabric-sound-api-v1 2.0.4+11a26f314c
	   |-- fabric-tag-api-v1 2.1.1+371cf5db4c
	   |-- fabric-transfer-api-v1 8.0.6+357ea7334c
	   \-- fabric-transitive-access-wideners-v1 8.1.3+3ff549fb4c
	- fabric-language-kotlin 1.13.13+kotlin.2.4.10
	   |-- org_jetbrains_kotlin_kotlin-reflect 2.4.10
	   |-- org_jetbrains_kotlin_kotlin-stdlib 2.4.10
	   |-- org_jetbrains_kotlin_kotlin-stdlib-jdk7 2.4.10
	   |-- org_jetbrains_kotlin_kotlin-stdlib-jdk8 2.4.10
	   |-- org_jetbrains_kotlinx_atomicfu-jvm 0.33.0
	   |-- org_jetbrains_kotlinx_kotlinx-coroutines-core-jvm 1.11.0
	   |-- org_jetbrains_kotlinx_kotlinx-coroutines-jdk8 1.11.0
	   |-- org_jetbrains_kotlinx_kotlinx-datetime-jvm 0.8.0
	   |-- org_jetbrains_kotlinx_kotlinx-io-bytestring-jvm 0.9.1
	   |-- org_jetbrains_kotlinx_kotlinx-io-core-jvm 0.9.1
	   |-- org_jetbrains_kotlinx_kotlinx-serialization-cbor-jvm 1.11.0
	   |-- org_jetbrains_kotlinx_kotlinx-serialization-core-jvm 1.11.0
	   \-- org_jetbrains_kotlinx_kotlinx-serialization-json-jvm 1.11.0
	- fabricloader 0.19.2
	   \-- mixinextras 0.5.4
	- fallingtree 25
	- ferritecore 9.0.0
	- forgeconfigapiport 26.1.5
	- fullbrightnesstoggle 4.5
	- geckolib 5.5.2
	- harvest_with_ease 9.4.0
	- iceberg 1.4.1.1
	- infinitetrading 5.0
	- inventorymanagement 2.0.1+26.1
	- jade 26.1.8+fabric
	- java 25
	- jei 29.16.0.47
	- justhammers 26.1.2.1
	- justzoom 2.1.4
	- konkrete 1.10.2
	- librarian-filter 1.0.3
	   \-- com_gbdhapa_common 1.0.3
	- minecraft 26.1.2
	- netherportalfix 26.1.0.1
	- notenoughanimations 1.12.4
	   |-- transition 1.0.21
	   \-- trender 1.0.15
	- placeholder-api 3.0.0+26.1
	- player_animation_library 1.2.5+mc.26.1
	   |-- com_zigythebird_mochafloats 5.0.0
	   \-- org_redlance_common-utils_services 1.2.8
	- puzzleslib 26.1.12
	- shulkerboxtooltip 5.3.0+26.1.1
	- skinlayers3d 1.11.2
	   |-- transition 1.0.21
	   \-- trender 1.0.15
	- sound_physics_remastered 1.5.1+26.1.2
	- spark 1.10.173
	   \-- fabric-permissions-api-v0 0.7.0
	- supermartijn642configlib 1.1.8
	- trade_cycling 1.0.21+26.1.2
	   |-- fabric-key-mapping-api-v1 2.0.4+e2bdee7859
	   \-- fabric-screen-api-v1 5.0.1+d871b99e59
	- trashslot 26.1.2.3
	- travelersbackpack 11.2.8
	- trinkets_updated 4.0.0-beta.3+26.1
	   \-- yumi_mc_core 1.0.1+26.1
	        |-- yumi_commons_collections 2.0.0
	        |-- yumi_commons_core 2.0.0
	        \-- yumi_commons_event 2.0.0
	- universal_ores 1.8.0
	- universalbonemeal 26.1.0
	- xaerominimap 26.4.2
	   \-- xaerolib 1.7.1
	- xaeroworldmap 1.44.2
	   \-- xaerolib 1.7.1
	- xtoxray 2026.22
	- yet_another_config_lib_v3 3.9.5+26.1-fabric
	   |-- com_twelvemonkeys_common_common-image 3.12.0
	   |-- com_twelvemonkeys_common_common-io 3.12.0
	   |-- com_twelvemonkeys_common_common-lang 3.12.0
	   |-- com_twelvemonkeys_imageio_imageio-core 3.12.0
	   |-- com_twelvemonkeys_imageio_imageio-metadata 3.12.0
	   |-- com_twelvemonkeys_imageio_imageio-webp 3.12.0
	   |-- org_quiltmc_parsers_gson 0.2.1
	   \-- org_quiltmc_parsers_json 0.2.1
[18:03:20] [main/INFO]: SpongePowered MIXIN Subsystem Version=0.8.7 Source=file:/workspaces/DISEM-SERVER/servidor_minecraft/libraries/net/fabricmc/sponge-mixin/0.17.2+mixin.0.8.7/sponge-mixin-0.17.2+mixin.0.8.7.jar Service=Knot/Fabric Env=SERVER
[18:03:20] [main/INFO]: Compatibility level set to JAVA_25
[18:03:20] [main/WARN]: Reference map 'clumps.refmap.json' for clumps.mixins.json could not be read. If this is a development environment you can ignore this message
[18:03:20] [main/WARN]: Reference map 'cobweb.refmap.json' for cobweb.mixins.json could not be read. If this is a development environment you can ignore this message
[18:03:20] [main/WARN]: Reference map 'cobweb.refmap.json' for cobweb.fabric.mixins.json could not be read. If this is a development environment you can ignore this message
[18:03:20] [main/WARN]: Reference map 'durabilitytooltip.mixins.refmap.json' for durabilitytooltip.mixins.json could not be read. If this is a development environment you can ignore this message
[18:03:20] [main/WARN]: Reference map 'entityculling.refmap.mixins.json' for entityculling.mixins.json could not be read. If this is a development environment you can ignore this message
[18:03:21] [main/WARN]: Reference map 'kuma_api.refmap.json' for kuma_api.mixins.json could not be read. If this is a development environment you can ignore this message
[18:03:21] [main/WARN]: Reference map 'kuma_api.refmap.json' for kuma_api.fabric.mixins.json could not be read. If this is a development environment you can ignore this message
[18:03:21] [main/WARN]: Reference map 'netherportalfix.refmap.json' for netherportalfix.mixins.json could not be read. If this is a development environment you can ignore this message
[18:03:21] [main/WARN]: Reference map 'netherportalfix.refmap.json' for netherportalfix.fabric.mixins.json could not be read. If this is a development environment you can ignore this message
[18:03:21] [main/WARN]: Reference map 'skinlayers3d.refmap.mixins.json' for skinlayers3d.mixins.json could not be read. If this is a development environment you can ignore this message
[18:03:21] [main/WARN]: Reference map 'supermartijn642configlib.mixins.refmap.json' for supermartijn642configlib.mixins.json could not be read. If this is a development environment you can ignore this message
[18:03:21] [main/WARN]: Reference map 'trashslot.refmap.json' for trashslot.mixins.json could not be read. If this is a development environment you can ignore this message
[18:03:21] [main/WARN]: Reference map 'trashslot.refmap.json' for trashslot.fabric.mixins.json could not be read. If this is a development environment you can ignore this message
[18:03:21] [main/WARN]: Reference map 'xaerolib.refmap.json' for xaerolib.mixins.json could not be read. If this is a development environment you can ignore this message
[18:03:21] [main/WARN]: Reference map 'xaeroworldmap.refmap.json' for xaeroworldmap.mixins.json could not be read. If this is a development environment you can ignore this message
[18:03:21] [main/WARN]: Reference map 'yet_another_config_lib_v3.refmap.json' for yacl.mixins.json could not be read. If this is a development environment you can ignore this message
[18:03:21] [main/WARN]: Reference map 'yet_another_config_lib_v3.refmap.json' for yacl-fabric.mixins.json could not be read. If this is a development environment you can ignore this message
[18:03:21] [main/WARN]: Error loading class: net/minecraft/client/gui/screens/inventory/AbstractContainerScreen (java.lang.ClassNotFoundException: net/minecraft/client/gui/screens/inventory/AbstractContainerScreen)
[18:03:21] [main/WARN]: @Mixin target net.minecraft.client.gui.screens.inventory.AbstractContainerScreen was not found inventorymanagement.me_roundaround_inventorymanagement_mixin.mixins.json:AbstractContainerScreenAccessor from mod inventorymanagement
[18:03:21] [main/WARN]: Error loading class: net/minecraft/client/gui/screens/Screen (java.lang.ClassNotFoundException: net/minecraft/client/gui/screens/Screen)
[18:03:21] [main/WARN]: @Mixin target net.minecraft.client.gui.screens.Screen was not found inventorymanagement.me_roundaround_inventorymanagement_mixin.mixins.json:ScreenAccessor from mod inventorymanagement
[18:03:21] [main/WARN]: Error loading class: de/siphalor/amecs/key_modifiers/impl/AmecsKeyModifiersEarlyInit (java.lang.ClassNotFoundException: de/siphalor/amecs/key_modifiers/impl/AmecsKeyModifiersEarlyInit)
[18:03:21] [main/WARN]: @Mixin target de.siphalor.amecs.key_modifiers.impl.AmecsKeyModifiersEarlyInit was not found jei.mixins.json:AmecsKeyModifiersEarlyInitMixin from mod jei
[18:03:21] [main/WARN]: Error loading class: net/minecraft/client/gui/screens/inventory/CreativeModeInventoryScreen (java.lang.ClassNotFoundException: net/minecraft/client/gui/screens/inventory/CreativeModeInventoryScreen)
[18:03:21] [main/WARN]: @Mixin target net.minecraft.client.gui.screens.inventory.CreativeModeInventoryScreen was not found trinkets.mixins.json:client.accessor.CreativeModeInventoryScreenAccessor from mod trinkets_updated
[18:03:22] [main/INFO]: Initializing MixinExtras via com.llamalad7.mixinextras.service.MixinExtrasServiceImpl(version=0.5.4).
[18:03:29] [main/INFO]: Initializing platform helper for Advanced Netherite!
[18:03:30] [main/INFO]: Mod proxy balm:permissions resolved as net.blay09.mods.balm.fabric.platform.compatibility.permissions.internal.FabricPermissionsAPIIntegration@7d21e997
[18:03:30] [main/INFO]: Loading Collective version 8.32.
[18:03:30] [main/INFO]: [Dynamic Lights] Loaded Dynamic Lights by Tschipcraft successfully!
[18:03:30] [main/INFO]: ExpandAbility here, who dis?
[18:03:30] [main/WARN]: [JUST ZOOM] Disabling 'Just Zoom' since it's a client-side mod and current environment is server!
[18:03:30] [main/INFO]: [KONKRETE] Loading v1.10.2 in server-side mode on FABRIC!
[18:03:30] [main/INFO]: [KONKRETE] Server-side modules initialized and ready to use!
[18:03:30] [main/INFO]: Constructing components for puzzleslib:common
[18:03:31] [main/INFO]: Registered the FluidEffect with Unique ID of minecraft:water for Water (Fluid Amount Required: 81000) with the ID 0
[18:03:31] [main/INFO]: Registered the FluidEffect with Unique ID of minecraft:lava for Lava (Fluid Amount Required: 81000) with the ID 1
[18:03:31] [main/INFO]: Registered the FluidEffect with Unique ID of travelersbackpack:potion for block.travelersbackpack.potion_still (Fluid Amount Required: 27000) with the ID 2
[18:03:31] [main/INFO]: Registered the FluidEffect with Unique ID of minecraft:milk for Air (Fluid Amount Required: 81000) with the ID 3
[18:03:31] [main/INFO]: Constructing components for universalbonemeal:common
[18:03:31] [main/INFO]: XtoXray 2026.22 initialized on Minecraft!
[18:03:31] [main/INFO]: XtoXray: Network payloads registered successfully
[18:03:31] [main/INFO]: XtoXray: Commands registered
[18:03:31] [main/INFO]: Registering common data for channel xaerolib:main!
[18:03:31] [main/INFO]: Loading primary common config for channel xaerolib:main!
[18:03:31] [main/INFO]: Loading server config profiles for channel xaerolib:main!
[18:03:31] [main/INFO]: Loading XaeroLib common 1/2!
[18:03:31] [main/INFO]: Loading XaeroLib server 1/2!
[18:03:31] [main/INFO]: Registering common data for channel xaerominimap:main!
[18:03:31] [main/INFO]: Loading primary common config for channel xaerominimap:main!
[18:03:31] [main/INFO]: Loading server config profiles for channel xaerominimap:main!
[18:03:31] [main/INFO]: Loading Xaero's Minimap - Stage 1/2 (Server)
[18:03:31] [main/INFO]: Registering common data for channel xaeroworldmap:main!
[18:03:31] [main/INFO]: Loading primary common config for channel xaeroworldmap:main!
[18:03:31] [main/INFO]: Loading server config profiles for channel xaeroworldmap:main!
[18:03:31] [main/INFO]: Loading Xaero's World Map - Stage 1/2 (Server)
[18:03:31] [main/INFO]: Initializing mods (entrypoint yumi:init)...
[18:03:31] [main/INFO]: Environment: Environment[sessionHost=https://sessionserver.mojang.com, servicesHost=https://api.minecraftservices.com, profilesHost=https://api.mojang.com, name=PROD]
[18:03:34] [main/INFO]: Loaded 1895 recipes
[18:03:34] [main/INFO]: Loaded 2032 advancements
[18:03:34] [main/INFO]: Applied 108 biome modifications to 54 of 65 new biomes in 10.26 ms
[18:03:34] [Server thread/INFO]: Dispatching loading event for config universalbonemeal-server.toml
[18:03:34] [Server thread/INFO]: Starting background profiler...
[18:03:34] [Server thread/INFO]: Loading XaeroLib common 2/2!
[18:03:34] [Server thread/INFO]: Loading XaeroLib server 2/2!
[18:03:34] [Server thread/INFO]: Starting minecraft server version 26.1.2
[18:03:34] [Server thread/INFO]: Loading properties
[18:03:34] [Server thread/INFO]: Default game type: SURVIVAL
[18:03:34] [Server thread/INFO]: Generating keypair
[18:03:34] [Server thread/INFO]: Starting Minecraft server on *:25565
[18:03:35] [Server thread/WARN]: **** SERVER IS RUNNING IN OFFLINE/INSECURE MODE!
[18:03:35] [Server thread/WARN]: The server will make no attempt to authenticate usernames. Beware.
[18:03:35] [Server thread/WARN]: While this makes the game possible to play without internet access, it also opens up the ability for hackers to connect with any username they choose.
[18:03:35] [Server thread/WARN]: To change this, set "online-mode" to "true" in the server.properties file.
[18:03:35] [Server thread/INFO]: Preparing level "world"
[18:03:35] [Server thread/INFO]: Loading 0 persistent chunks...
[18:03:35] [Server thread/INFO]: Preparing spawn area: 100%
[18:03:35] [Server thread/INFO]: Time elapsed: 12 ms
[18:03:35] [Server thread/INFO]: Done (0.412s)! For help, type "help"
[18:03:35] [Server thread/INFO]: Saving chunks for level 'ServerLevel[world]'/minecraft:overworld
[18:03:35] [Server thread/INFO]: Saving chunks for level 'ServerLevel[world]'/minecraft:the_end
[18:03:35] [Server thread/INFO]: Saving chunks for level 'ServerLevel[world]'/minecraft:the_nether
[18:03:35] [Server thread/INFO]: ThreadedAnvilChunkStorage (world): All chunks are saved
[18:03:35] [Server thread/INFO]: ThreadedAnvilChunkStorage (DIM1): All chunks are saved
[18:03:35] [Server thread/INFO]: ThreadedAnvilChunkStorage (DIM-1): All chunks are saved
[18:03:35] [Server thread/INFO]: ThreadedAnvilChunkStorage: All dimensions are saved
[18:03:35] [Server thread/INFO]: Start loading plugin from Balm: net.blay09.mods.balm.platform.compatibility.hudinfo.internal.JadeModIntegration
[18:03:35] [Server thread/INFO]: Start loading plugin from Jade: snownee.jade.addon.core.CorePlugin
[18:03:35] [Server thread/INFO]: Start loading plugin from Jade: snownee.jade.addon.vanilla.VanillaPlugin
[18:03:35] [Server thread/INFO]: Start loading plugin from Jade: snownee.jade.addon.universal.UniversalPlugin
[18:03:35] [Server thread/INFO]: Start loading plugin from Jade: snownee.jade.addon.access.AccessibilityPlugin
[18:03:35] [Server thread/INFO]: Start loading plugin from Jade: snownee.jade.addon.debug.DebugPlugin
[18:03:35] [Server thread/INFO]: Loading Xaero's Minimap - Stage 2/2 (Server)
[18:03:35] [Server thread/INFO]: Loading Xaero's World Map - Stage 2/2 (Server)
[18:03:42] [Server thread/INFO]: STR1244[/100.82.88.116:61740] logged in with entity id 97 at (980.1623264717522, 120.0, -489.4066319573094)
[18:03:42] [Server thread/INFO]: STR1244 joined the game
[18:03:42] [Server thread/INFO]: Sending item configs to client
[18:03:43] [Server thread/INFO]: [ShulkerBoxTooltip] STR1244: protocol version: 2.0
[18:03:43] [Server thread/INFO]: [ShulkerBoxTooltip Plugins] Loading 1 plugin: shulkerboxtooltip
[18:03:43] [Server thread/INFO]: [ShulkerBoxTooltip Plugins] Registered 52 providers for mod shulkerboxtooltip
[18:15:23] [Server thread/INFO]: No return portal found
[18:15:25] [Server thread/INFO]: STR1244 has made the advancement [We Need to Go Deeper]
[18:15:27] [Server thread/WARN]: Can't keep up! Is the server overloaded? Running 4361ms or 87 ticks behind
[18:17:01] [Server thread/INFO]: [STR1244: Teleported STR1244 to 130.500000, 71.500000, 97.500000]
[18:18:45] [Server thread/INFO]: STR1244 has made the advancement [Hidden in the Depths]
[18:28:30] [Server thread/INFO]: [STR1244: Teleported STR1244 to 128.500000, 64.500000, -57.500000]
[18:30:02] [Server thread/INFO]: [STR1244: Teleported STR1244 to -73.500000, 70.500000, 58.500000]
[18:34:22] [Server thread/INFO]: [STR1244: Teleported STR1244 to 883.500000, 122.500000, -526.500000]
[18:35:26] [Server thread/INFO]: [STR1244: Teleported STR1244 to 71.500000, 91.500000, -138.500000]
[18:35:37] [Server thread/INFO]: [STR1244: Teleported STR1244 to 214.500000, 106.500000, -188.500000]
[18:35:45] [Server thread/INFO]: [STR1244: Teleported STR1244 to 26.500000, 84.500000, -285.500000]
[18:35:55] [Server thread/INFO]: [STR1244: Teleported STR1244 to -51.500000, 94.500000, -392.500000]
[18:36:04] [Server thread/INFO]: [STR1244: Teleported STR1244 to -195.500000, 82.500000, -463.500000]
[18:36:12] [Server thread/INFO]: [STR1244: Teleported STR1244 to -263.500000, 73.500000, -521.500000]
[18:36:13] [Server thread/INFO]: STR1244 has made the advancement [Those Were the Days]
[18:36:16] [Server thread/INFO]: STR1244 has made the advancement [War Pigs]
[18:41:59] [Server thread/INFO]: [STR1244: Teleported STR1244 to -415.500000, 94.500000, -387.500000]
[18:42:08] [Server thread/INFO]: [STR1244: Teleported STR1244 to -360.500000, 61.500000, -227.500000]
[18:42:18] [Server thread/INFO]: [STR1244: Teleported STR1244 to -318.500000, 67.500000, -102.500000]
[18:42:18] [Server thread/INFO]: STR1244 has made the advancement [A Terrible Fortress]
[18:42:25] [Server thread/INFO]: STR1244 has made the advancement [Into Fire]
[18:42:39] [Server thread/INFO]: [STR1244: Teleported STR1244 to -411.500000, 65.500000, 52.500000]
[18:42:47] [Server thread/INFO]: [STR1244: Teleported STR1244 to -345.500000, 87.500000, 12.500000]
[18:43:59] [Server thread/INFO]: [STR1244: Teleported STR1244 to -565.500000, 50.500000, -21.500000]
[18:44:06] [Server thread/INFO]: [STR1244: Teleported STR1244 to -568.500000, 50.500000, -136.500000]
[18:45:43] [Server thread/INFO]: [STR1244: Teleported STR1244 to -545.500000, 93.500000, 145.500000]
[18:45:53] [Server thread/INFO]: [STR1244: Teleported STR1244 to -682.500000, 103.500000, 286.500000]
[18:46:03] [Server thread/INFO]: [STR1244: Teleported STR1244 to -695.500000, 70.500000, 340.500000]
[18:46:10] [Server thread/INFO]: [STR1244: Teleported STR1244 to -855.500000, 110.500000, 369.500000]
[18:46:30] [Server thread/INFO]: [STR1244: Teleported STR1244 to -856.500000, 84.500000, 324.500000]
[18:46:56] [Server thread/INFO]: [STR1244: Teleported STR1244 to -947.500000, 69.500000, 187.500000]
[18:46:56] [Server thread/INFO]: STR1244 has completed the challenge [Hot Tourist Destinations]
[18:47:20] [Server thread/INFO]: [STR1244: Teleported STR1244 to -952.500000, 103.500000, 515.500000]
[18:47:30] [Server thread/INFO]: [STR1244: Teleported STR1244 to -1034.500000, 94.500000, 663.500000]
[18:47:43] [Server thread/INFO]: [STR1244: Teleported STR1244 to -1196.500000, 104.500000, 587.500000]
[18:47:54] [Server thread/INFO]: [STR1244: Teleported STR1244 to -1258.500000, 84.500000, 745.500000]
[18:48:07] [Server thread/INFO]: [STR1244: Teleported STR1244 to -1331.500000, 66.500000, 891.500000]
[18:48:10] [Server thread/INFO]: [STR1244: Teleported STR1244 to -1305.500000, 113.500000, 966.500000]
[18:48:19] [Server thread/INFO]: [STR1244: Teleported STR1244 to -1374.500000, 98.500000, 1095.500000]
[18:53:14] [Server thread/INFO]: [STR1244: Teleported STR1244 to 128.500000, 64.500000, -57.500000]
[18:53:40] [Server thread/INFO]: [STR1244: Teleported STR1244 to -73.500000, 70.500000, 58.500000]
[18:55:36] [Server thread/INFO]: [STR1244: Teleported STR1244 to 986.500000, 129.500000, -472.500000]
[18:55:48] [Server thread/INFO]: [STR1244: Teleported STR1244 to -16.500000, 78.500000, 30.500000]
[18:56:27] [Server thread/INFO]: [STR1244: Teleported STR1244 to 128.500000, 64.500000, -57.500000]
[18:56:37] [Server thread/INFO]: [STR1244: Teleported STR1244 to -73.500000, 70.500000, 58.500000]
[18:58:53] [Server thread/INFO]: STR1244 has completed the challenge [Cover Me in Debris]
[19:00:16] [Server thread/INFO]: [STR1244: Teleported STR1244 to 906.500000, 64.500000, -420.500000]
[19:00:23] [Server thread/INFO]: [STR1244: Set minecraft:overworld to time marker minecraft:day]
[19:02:09] [Server thread/INFO]: [STR1244: Teleported STR1244 to 1247.500000, 77.500000, -39.500000]
[19:07:10] [Server thread/INFO]: STR1244 lost connection: Disconnected
[19:07:10] [Server thread/INFO]: STR1244 left the game
[19:07:15] [Server thread/INFO]: Stopping the server
[19:07:15] [Server thread/INFO]: Stopping server
[19:07:15] [Server thread/INFO]: Saving players
[19:07:15] [Server thread/INFO]: Saving worlds
[19:07:15] [Server thread/INFO]: Saving chunks for level 'ServerLevel[world]'/minecraft:overworld
[19:07:15] [Server thread/INFO]: Saving chunks for level 'ServerLevel[world]'/minecraft:the_end
[19:07:15] [Server thread/INFO]: Saving chunks for level 'ServerLevel[world]'/minecraft:the_nether
[19:07:15] [Server thread/INFO]: ThreadedAnvilChunkStorage (world): All chunks are saved
[19:07:15] [Server thread/INFO]: ThreadedAnvilChunkStorage (DIM1): All chunks are saved
[19:07:15] [Server thread/INFO]: ThreadedAnvilChunkStorage (DIM-1): All chunks are saved
[19:07:15] [Server thread/INFO]: ThreadedAnvilChunkStorage: All dimensions are saved
[19:07:15] [Server thread/INFO]: Dispatching unloading event for config universalbonemeal-server.toml
